{
  "version": "1.4.0",
  "plugins_used": [
    {
      "name": "ArtifactoryDetector"
    },
    {
      "name": "AWSKeyDetector"
    },
    {
      "name": "AzureStorageKeyDetector"
    },
    {
      "name": "Base64HighEntropyString",
      "limit": 4.5
    },
    {
      "name": "BasicAuthDetector"
    },
    {
      "name": "CloudantDetector"
    },
    {
      "name": "HexHighEntropyString",
      "limit": 3.0
    },
    {
      "name": "IbmCloudIamDetector"
    },
    {
      "name": "IbmCosHmacDetector"
    },
    {
      "name": "JwtTokenDetector"
    },
    {
      "name": "KeywordDetector",
      "keyword_exclude": ""
    },
    {
      "name": "MailchimpDetector"
    },
    {
      "name": "NpmDetector"
    },
    {
      "name": "PrivateKeyDetector"
    },
    {
      "name": "SlackDetector"
    },
    {
      "name": "SoftlayerDetector"
    },
    {
      "name": "SquareOAuthDetector"
    },
    {
      "name": "StripeDetector"
    },
    {
      "name": "TwilioKeyDetector"
    }
  ],
  "filters_used": [
    {
      "path": "detect_secrets.filters.allowlist.is_line_allowlisted"
    },
    {
      "path": "detect_secrets.filters.common.is_ignored_due_to_verification_policies",
      "min_level": 2
    },
    {
      "path": "detect_secrets.filters.heuristic.is_indirect_reference"
    },
    {
      "path": "detect_secrets.filters.heuristic.is_likely_id_string"
    },
    {
      "path": "detect_secrets.filters.heuristic.is_lock_file"
    },
    {
      "path": "detect_secrets.filters.heuristic.is_not_alphanumeric_string"
    },
    {
      "path": "detect_secrets.filters.heuristic.is_potential_uuid"
    },
    {
      "path": "detect_secrets.filters.heuristic.is_prefixed_with_dollar_sign"
    },
    {
      "path": "detect_secrets.filters.heuristic.is_sequential_string"
    },
    {
      "path": "detect_secrets.filters.heuristic.is_swagger_file"
    },
    {
      "path": "detect_secrets.filters.heuristic.is_templated_secret"
    }
  ],
  "results": {
    "test/e2e/scenarios/control-plane/sync/replay/parallel-phases.json": [
      {
        "type": "Hex High Entropy String",
        "filename": "test/e2e/scenarios/control-plane/sync/replay/parallel-phases.json",
        "hashed_secret": "ecc3134959efa92996c1539dc35e9be5263302cd",
        "is_verified": false,
        "line_number": 2,
        "is_secret": false
      }
    ],
    "test/e2e/scenarios/portal/sync/replay/cassette.json": [
      {
        "type": "Hex High Entropy String",
        "filename": "test/e2e/scenarios/portal/sync/replay/cassette.json",
        "hashed_secret": "101eb1b7376f961da1ab422eed569a71dd76c7dd",
        "is_verified": false,
        "line_number": 7,
        "is_secret": false
      },
      {
        "type": "Hex High Entropy String",
        "filename": "test/e2e/scenarios/portal/sync/replay/cassette.json",
        "hashed_secret": "8c29a80f87f7b690ce8e38de21c35e413550f942",
        "is_verified": false,
        "line_number": 58,
        "is_secret": false
      },
      {
        "type": "Hex High Entropy String",
        "filename": "test/e2e/scenarios/portal/sync/replay/cassette.json",
        "hashed_secret": "2883ecccf038effb7adb32463a9cf3e03922f103",
        "is_verified": false,
        "line_number": 59,
        "is_secret": false
      },
      {
        "type": "Hex High Entropy String",
        "filename": "test/e2e/scenarios/portal/sync/replay/cassette.json",
        "hashed_secret": "eba4a4f98315cb4714fb88f38bd0a09c9c178ef5",
        "is_verified": false,
        "line_number": 60,
        "is_secret": false
      },
      {
        "type": "Hex High Entropy String",
        "filename": "test/e2e/scenarios/portal/sync/replay/cassette.json",
        "hashed_secret": "9b1b66f3d72431bb97bd848087b8fd206086c736",
        "is_verified": false,
        "line_number": 61,
        "is_secret": false
      },
      {
        "type": "Hex High Entropy String",
        "filename": "test/e2e/scenarios/portal/sync/replay/cassette.json",
        "hashed_secret": "2396b4aa2a2eee160e64d2418b07c068bd09ee61",
        "is_verified": false,
        "line_number": 62,
        "is_secret": false
      },
      {
        "type": "Hex High Entropy String",
        "filename": "test/e2e/scenarios/portal/sync/replay/cassette.json",
        "hashed_secret": "63f07994f488a325a5fbf083a0921757d535f5aa",
        "is_verified": false,
        "line_number": 63,
        "is_secret": false
      },
      {
        "type": "Hex High Entropy String",
        "filename": "test/e2e/scenarios/portal/sync/replay/cassette.json",
        "hashed_secret": "1ecec400488a904d6cf958064d05cc1a588492bf",
        "is_verified": false,
        "line_number": 64,
        "is_secret": false
      }
    ],
    "test/e2e/scenarios/portal/sync/replay/interactions/1a9e6087be9eab0f6f85aa8e0e77bc7107d2eee22f9dd8860021a7308be47819.json": [
      {
        "type": "Secret Keyword",
        "filename": "test/e2e/scenarios/portal/sync/replay/interactions/1a9e6087be9eab0f6f85aa8e0e77bc7107d2eee22f9dd8860021a7308be47819.json",
        "hashed_secret": "7ce0359f12857f2a90c7de465f40a95f01cb5da9",
        "is_verified": false,
        "line_number": 114,
        "is_secret": false
      }
    ],
    "test/e2e/scenarios/portal/sync/replay/interactions/470af4d5f5980c626059f20f51acec0a4dc6d108ffd6f6a851c74b3aaeac09f4.json": [
      {
        "type": "Secret Keyword",
        "filename": "test/e2e/scenarios/portal/sync/replay/interactions/470af4d5f5980c626059f20f51acec0a4dc6d108ffd6f6a851c74b3aaeac09f4.json",
        "hashed_secret": "7ce0359f12857f2a90c7de465f40a95f01cb5da9",
        "is_verified": false,
        "line_number": 921,
        "is_secret": false
      }
    ],
    "test/e2e/scenarios/portal/sync/replay/interactions/5d3c79a4c6c1121f096389a87150aa9f6ffedbff623f0e7350fd5519ad4115da.json": [
      {
        "type": "Secret Keyword",
        "filename": "test/e2e/scenarios/portal/sync/replay/interactions/5d3c79a4c6c1121f096389a87150aa9f6ffedbff623f0e7350fd5519ad4115da.json",
        "hashed_secret": "7ce0359f12857f2a90c7de465f40a95f01cb5da9",
        "is_verified": false,
        "line_number": 1327,
        "is_secret": false
      }
    ],
    "test/e2e/scenarios/portal/sync/replay/interactions/e720ae4aa9ecfe0dad7d80821f7203d8dadb8aea549f5145865b444e45f84244.json": [
      {
        "type": "Secret Keyword",
        "filename": "test/e2e/scenarios/portal/sync/replay/interactions/e720ae4aa9ecfe0dad7d80821f7203d8dadb8aea549f5145865b444e45f84244.json",
        "hashed_secret": "7ce0359f12857f2a90c7de465f40a95f01cb5da9",
        "is_verified": false,
        "line_number": 122,
        "is_secret": false
      }
    ],
    "test/e2e/scenarios/portal/sync/replay/interactions/f30133d008c9826cae1d5eb9b0d1a0d70fedd7d9bb0808aa6f61cc9e73718206.json": [
      {
        "type": "Secret Keyword",
        "filename": "test/e2e/scenarios/portal/sync/replay/interactions/f30133d008c9826cae1d5eb9b0d1a0d70fedd7d9bb0808aa6f61cc9e73718206.json",
        "hashed_secret": "7ce0359f12857f2a90c7de465f40a95f01cb5da9",
        "is_verified": false,
        "line_number": 98,
        "is_secret": false
      }
    ],
    "test/e2e/scenarios/portal/sync/replay/parallel-phases.json": [
      {
        "type": "Hex High Entropy String",
        "filename": "test/e2e/scenarios/portal/sync/replay/parallel-phases.json",
        "hashed_secret": "71843d0f29152780b5981f06b8a92ffde4bd7daf",
        "is_verified": false,
        "line_number": 2,
        "is_secret": false
      }
    ]
  },
  "generated_at": "2022-01-17T17:08:21Z"
}
